// Jest Snapshot v1, https://goo.gl/fbAQLP

exports[`<LoginForm /> should render the login form 1`] = `
ShallowWrapper {
  "length": 1,
  Symbol(enzyme.__root__): [Circular],
  Symbol(enzyme.__unrendered__): <ReduxForm
    onSubmit={[Function]}
/>,
  Symbol(enzyme.__renderer__): Object {
    "batchedUpdates": [Function],
    "getNode": [Function],
    "render": [Function],
    "simulateEvent": [Function],
    "unmount": [Function],
  },
  Symbol(enzyme.__node__): Object {
    "instance": null,
    "key": null,
    "nodeType": "class",
    "props": Object {
      "destroyOnUnmount": true,
      "enableReinitialize": false,
      "forceUnregisterOnUnmount": false,
      "form": "LoginForm",
      "getFormState": [Function],
      "initialValues": undefined,
      "keepDirtyOnReinitialize": false,
      "onSubmit": [Function],
      "persistentSubmitErrors": false,
      "pure": true,
      "shouldAsyncValidate": [Function],
      "shouldError": [Function],
      "shouldValidate": [Function],
      "shouldWarn": [Function],
      "touchOnBlur": true,
      "touchOnChange": false,
      "validate": [Function],
    },
    "ref": [Function],
    "rendered": null,
    "type": [Function],
  },
  Symbol(enzyme.__nodes__): Array [
    Object {
      "instance": null,
      "key": null,
      "nodeType": "class",
      "props": Object {
        "destroyOnUnmount": true,
        "enableReinitialize": false,
        "forceUnregisterOnUnmount": false,
        "form": "LoginForm",
        "getFormState": [Function],
        "initialValues": undefined,
        "keepDirtyOnReinitialize": false,
        "onSubmit": [Function],
        "persistentSubmitErrors": false,
        "pure": true,
        "shouldAsyncValidate": [Function],
        "shouldError": [Function],
        "shouldValidate": [Function],
        "shouldWarn": [Function],
        "touchOnBlur": true,
        "touchOnChange": false,
        "validate": [Function],
      },
      "ref": [Function],
      "rendered": null,
      "type": [Function],
    },
  ],
  Symbol(enzyme.__options__): Object {
    "adapter": ReactSixteenAdapter {
      "options": Object {
        "enableComponentDidUpdateOnSetState": true,
      },
    },
  },
}
`;
